// Jest Snapshot v1, https://goo.gl/fbAQLP

exports[`Should correctly render login page 1`] = `
<div
  className="box-layout"
>
  <div
    className="box-layout__box"
  >
    <h1
      className="layout__title"
    >
       Expensify
    </h1>
    <p>
       Its time to get your expenses under contorl
    </p>
    <button
      className="button"
      onClick={[Function]}
    >
      Login with Google
    </button>
  </div>
</div>
`;
